Archive member included to satisfy reference by file (symbol)

s:/stm software/stmcubeide/stm32cubeide_1.7.0/stm32cubeide/plugins/com.st.stm32cube.ide.mcu.externaltools.gnu-tools-for-stm32.9-2020-q2-update.win32_2.0.0.202105311346/tools/bin/../lib/gcc/arm-none-eabi/9.3.1/../../../../arm-none-eabi/lib/thumb/v7e-m+fp/hard\libc_nano.a(lib_a-errno.o)
                              ./Core/Src/syscalls.o (__errno)
s:/stm software/stmcubeide/stm32cubeide_1.7.0/stm32cubeide/plugins/com.st.stm32cube.ide.mcu.externaltools.gnu-tools-for-stm32.9-2020-q2-update.win32_2.0.0.202105311346/tools/bin/../lib/gcc/arm-none-eabi/9.3.1/../../../../arm-none-eabi/lib/thumb/v7e-m+fp/hard\libc_nano.a(lib_a-exit.o)
                              s:/stm software/stmcubeide/stm32cubeide_1.7.0/stm32cubeide/plugins/com.st.stm32cube.ide.mcu.externaltools.gnu-tools-for-stm32.9-2020-q2-update.win32_2.0.0.202105311346/tools/bin/../lib/gcc/arm-none-eabi/9.3.1/../../../../arm-none-eabi/lib/thumb/v7e-m+fp/hard/crt0.o (exit)
s:/stm software/stmcubeide/stm32cubeide_1.7.0/stm32cubeide/plugins/com.st.stm32cube.ide.mcu.externaltools.gnu-tools-for-stm32.9-2020-q2-update.win32_2.0.0.202105311346/tools/bin/../lib/gcc/arm-none-eabi/9.3.1/../../../../arm-none-eabi/lib/thumb/v7e-m+fp/hard\libc_nano.a(lib_a-impure.o)
                              s:/stm software/stmcubeide/stm32cubeide_1.7.0/stm32cubeide/plugins/com.st.stm32cube.ide.mcu.externaltools.gnu-tools-for-stm32.9-2020-q2-update.win32_2.0.0.202105311346/tools/bin/../lib/gcc/arm-none-eabi/9.3.1/../../../../arm-none-eabi/lib/thumb/v7e-m+fp/hard\libc_nano.a(lib_a-exit.o) (_global_impure_ptr)
s:/stm software/stmcubeide/stm32cubeide_1.7.0/stm32cubeide/plugins/com.st.stm32cube.ide.mcu.externaltools.gnu-tools-for-stm32.9-2020-q2-update.win32_2.0.0.202105311346/tools/bin/../lib/gcc/arm-none-eabi/9.3.1/../../../../arm-none-eabi/lib/thumb/v7e-m+fp/hard\libc_nano.a(lib_a-init.o)
                              s:/stm software/stmcubeide/stm32cubeide_1.7.0/stm32cubeide/plugins/com.st.stm32cube.ide.mcu.externaltools.gnu-tools-for-stm32.9-2020-q2-update.win32_2.0.0.202105311346/tools/bin/../lib/gcc/arm-none-eabi/9.3.1/../../../../arm-none-eabi/lib/thumb/v7e-m+fp/hard/crt0.o (__libc_init_array)
s:/stm software/stmcubeide/stm32cubeide_1.7.0/stm32cubeide/plugins/com.st.stm32cube.ide.mcu.externaltools.gnu-tools-for-stm32.9-2020-q2-update.win32_2.0.0.202105311346/tools/bin/../lib/gcc/arm-none-eabi/9.3.1/../../../../arm-none-eabi/lib/thumb/v7e-m+fp/hard\libc_nano.a(lib_a-memset.o)
                              s:/stm software/stmcubeide/stm32cubeide_1.7.0/stm32cubeide/plugins/com.st.stm32cube.ide.mcu.externaltools.gnu-tools-for-stm32.9-2020-q2-update.win32_2.0.0.202105311346/tools/bin/../lib/gcc/arm-none-eabi/9.3.1/../../../../arm-none-eabi/lib/thumb/v7e-m+fp/hard/crt0.o (memset)
s:/stm software/stmcubeide/stm32cubeide_1.7.0/stm32cubeide/plugins/com.st.stm32cube.ide.mcu.externaltools.gnu-tools-for-stm32.9-2020-q2-update.win32_2.0.0.202105311346/tools/bin/../lib/gcc/arm-none-eabi/9.3.1/thumb/v7e-m+fp/hard\libgcc.a(_aeabi_ldivmod.o)
                              ./Drivers/STM32F4xx_HAL_Driver/Src/stm32f4xx_hal_rcc.o (__aeabi_ldivmod)
s:/stm software/stmcubeide/stm32cubeide_1.7.0/stm32cubeide/plugins/com.st.stm32cube.ide.mcu.externaltools.gnu-tools-for-stm32.9-2020-q2-update.win32_2.0.0.202105311346/tools/bin/../lib/gcc/arm-none-eabi/9.3.1/thumb/v7e-m+fp/hard\libgcc.a(_aeabi_uldivmod.o)
                              ./Drivers/STM32F4xx_HAL_Driver/Src/stm32f4xx_hal_rcc.o (__aeabi_uldivmod)
s:/stm software/stmcubeide/stm32cubeide_1.7.0/stm32cubeide/plugins/com.st.stm32cube.ide.mcu.externaltools.gnu-tools-for-stm32.9-2020-q2-update.win32_2.0.0.202105311346/tools/bin/../lib/gcc/arm-none-eabi/9.3.1/thumb/v7e-m+fp/hard\libgcc.a(_udivmoddi4.o)
                              s:/stm software/stmcubeide/stm32cubeide_1.7.0/stm32cubeide/plugins/com.st.stm32cube.ide.mcu.externaltools.gnu-tools-for-stm32.9-2020-q2-update.win32_2.0.0.202105311346/tools/bin/../lib/gcc/arm-none-eabi/9.3.1/thumb/v7e-m+fp/hard\libgcc.a(_aeabi_ldivmod.o) (__udivmoddi4)
s:/stm software/stmcubeide/stm32cubeide_1.7.0/stm32cubeide/plugins/com.st.stm32cube.ide.mcu.externaltools.gnu-tools-for-stm32.9-2020-q2-update.win32_2.0.0.202105311346/tools/bin/../lib/gcc/arm-none-eabi/9.3.1/thumb/v7e-m+fp/hard\libgcc.a(_dvmd_tls.o)
                              s:/stm software/stmcubeide/stm32cubeide_1.7.0/stm32cubeide/plugins/com.st.stm32cube.ide.mcu.externaltools.gnu-tools-for-stm32.9-2020-q2-update.win32_2.0.0.202105311346/tools/bin/../lib/gcc/arm-none-eabi/9.3.1/thumb/v7e-m+fp/hard\libgcc.a(_aeabi_ldivmod.o) (__aeabi_ldiv0)

Allocating common symbols
Common symbol       size              file

hUsbDeviceFS        0x2d0             ./USB_DEVICE/App/usb_device.o
hpcd_USB_OTG_FS     0x408             ./USB_DEVICE/Target/usbd_conf.o
uwTick              0x4               ./Drivers/STM32F4xx_HAL_Driver/Src/stm32f4xx_hal.o
[...]
Memory Configuration

Name             Origin             Length             Attributes
RAM              0x0000000020000000 0x0000000000020000 xrw
FLASH            0x0000000008000000 0x0000000000080000 xr
*default*        0x0000000000000000 0xffffffffffffffff

Linker script and memory map

LOAD s:/stm software/stmcubeide/stm32cubeide_1.7.0/stm32cubeide/plugins/com.st.stm32cube.ide.mcu.externaltools.gnu-tools-for-stm32.9-2020-q2-update.win32_2.0.0.202105311346/tools/bin/../lib/gcc/arm-none-eabi/9.3.1/thumb/v7e-m+fp/hard/crti.o
LOAD s:/stm software/stmcubeide/stm32cubeide_1.7.0/stm32cubeide/plugins/com.st.stm32cube.ide.mcu.externaltools.gnu-tools-for-stm32.9-2020-q2-update.win32_2.0.0.202105311346/tools/bin/../lib/gcc/arm-none-eabi/9.3.1/thumb/v7e-m+fp/hard/crtbegin.o
LOAD s:/stm software/stmcubeide/stm32cubeide_1.7.0/stm32cubeide/plugins/com.st.stm32cube.ide.mcu.externaltools.gnu-tools-for-stm32.9-2020-q2-update.win32_2.0.0.202105311346/tools/bin/../lib/gcc/arm-none-eabi/9.3.1/../../../../arm-none-eabi/lib/thumb/v7e-m+fp/hard/crt0.o
LOAD ./Core/Src/main.o
LOAD ./Core/Src/stm32f4xx_hal_msp.o
LOAD ./Core/Src/stm32f4xx_it.o
LOAD ./Core/Src/syscalls.o
LOAD ./Core/Src/sysmem.o
LOAD ./Core/Src/system_stm32f4xx.o
LOAD ./Core/Startup/startup_stm32f411ceux.o
LOAD ./Drivers/STM32F4xx_HAL_Driver/Src/stm32f4xx_hal.o
LOAD ./Drivers/STM32F4xx_HAL_Driver/Src/stm32f4xx_hal_cortex.o
LOAD ./Drivers/STM32F4xx_HAL_Driver/Src/stm32f4xx_hal_dma.o
LOAD ./Drivers/STM32F4xx_HAL_Driver/Src/stm32f4xx_hal_dma_ex.o
LOAD ./Drivers/STM32F4xx_HAL_Driver/Src/stm32f4xx_hal_exti.o
LOAD ./Drivers/STM32F4xx_HAL_Driver/Src/stm32f4xx_hal_flash.o
LOAD ./Drivers/STM32F4xx_HAL_Driver/Src/stm32f4xx_hal_flash_ex.o
LOAD ./Drivers/STM32F4xx_HAL_Driver/Src/stm32f4xx_hal_flash_ramfunc.o
LOAD ./Drivers/STM32F4xx_HAL_Driver/Src/stm32f4xx_hal_gpio.o
LOAD ./Drivers/STM32F4xx_HAL_Driver/Src/stm32f4xx_hal_pcd.o
LOAD ./Drivers/STM32F4xx_HAL_Driver/Src/stm32f4xx_hal_pcd_ex.o
LOAD ./Drivers/STM32F4xx_HAL_Driver/Src/stm32f4xx_hal_pwr.o
LOAD ./Drivers/STM32F4xx_HAL_Driver/Src/stm32f4xx_hal_pwr_ex.o
LOAD ./Drivers/STM32F4xx_HAL_Driver/Src/stm32f4xx_hal_rcc.o
LOAD ./Drivers/STM32F4xx_HAL_Driver/Src/stm32f4xx_hal_rcc_ex.o
LOAD ./Drivers/STM32F4xx_HAL_Driver/Src/stm32f4xx_hal_tim.o
LOAD ./Drivers/STM32F4xx_HAL_Driver/Src/stm32f4xx_hal_tim_ex.o
LOAD ./Drivers/STM32F4xx_HAL_Driver/Src/stm32f4xx_ll_usb.o
LOAD ./Middlewares/ST/STM32_USB_Device_Library/Class/HID/Src/usbd_hid.o
LOAD ./Middlewares/ST/STM32_USB_Device_Library/Core/Src/usbd_core.o
LOAD ./Middlewares/ST/STM32_USB_Device_Library/Core/Src/usbd_ctlreq.o
LOAD ./Middlewares/ST/STM32_USB_Device_Library/Core/Src/usbd_ioreq.o
LOAD ./USB_DEVICE/App/usb_device.o
LOAD ./USB_DEVICE/App/usbd_desc.o
LOAD ./USB_DEVICE/Target/usbd_conf.o
START GROUP
LOAD s:/stm software/stmcubeide/stm32cubeide_1.7.0/stm32cubeide/plugins/com.st.stm32cube.ide.mcu.externaltools.gnu-tools-for-stm32.9-2020-q2-update.win32_2.0.0.202105311346/tools/bin/../lib/gcc/arm-none-eabi/9.3.1/../../../../arm-none-eabi/lib/thumb/v7e-m+fp/hard\libc_nano.a
LOAD s:/stm software/stmcubeide/stm32cubeide_1.7.0/stm32cubeide/plugins/com.st.stm32cube.ide.mcu.externaltools.gnu-tools-for-stm32.9-2020-q2-update.win32_2.0.0.202105311346/tools/bin/../lib/gcc/arm-none-eabi/9.3.1/../../../../arm-none-eabi/lib/thumb/v7e-m+fp/hard\libm.a
END GROUP
START GROUP
LOAD s:/stm software/stmcubeide/stm32cubeide_1.7.0/stm32cubeide/plugins/com.st.stm32cube.ide.mcu.externaltools.gnu-tools-for-stm32.9-2020-q2-update.win32_2.0.0.202105311346/tools/bin/../lib/gcc/arm-none-eabi/9.3.1/thumb/v7e-m+fp/hard\libgcc.a
LOAD s:/stm software/stmcubeide/stm32cubeide_1.7.0/stm32cubeide/plugins/com.st.stm32cube.ide.mcu.externaltools.gnu-tools-for-stm32.9-2020-q2-update.win32_2.0.0.202105311346/tools/bin/../lib/gcc/arm-none-eabi/9.3.1/../../../../arm-none-eabi/lib/thumb/v7e-m+fp/hard\libc_nano.a
END GROUP
START GROUP
LOAD s:/stm software/stmcubeide/stm32cubeide_1.7.0/stm32cubeide/plugins/com.st.stm32cube.ide.mcu.externaltools.gnu-tools-for-stm32.9-2020-q2-update.win32_2.0.0.202105311346/tools/bin/../lib/gcc/arm-none-eabi/9.3.1/thumb/v7e-m+fp/hard\libgcc.a
LOAD s:/stm software/stmcubeide/stm32cubeide_1.7.0/stm32cubeide/plugins/com.st.stm32cube.ide.mcu.externaltools.gnu-tools-for-stm32.9-2020-q2-update.win32_2.0.0.202105311346/tools/bin/../lib/gcc/arm-none-eabi/9.3.1/../../../../arm-none-eabi/lib/thumb/v7e-m+fp/hard\libc_nano.a
LOAD s:/stm software/stmcubeide/stm32cubeide_1.7.0/stm32cubeide/plugins/com.st.stm32cube.ide.mcu.externaltools.gnu-tools-for-stm32.9-2020-q2-update.win32_2.0.0.202105311346/tools/bin/../lib/gcc/arm-none-eabi/9.3.1/../../../../arm-none-eabi/lib/thumb/v7e-m+fp/hard\libnosys.a
END GROUP
START GROUP
LOAD s:/stm software/stmcubeide/stm32cubeide_1.7.0/stm32cubeide/plugins/com.st.stm32cube.ide.mcu.externaltools.gnu-tools-for-stm32.9-2020-q2-update.win32_2.0.0.202105311346/tools/bin/../lib/gcc/arm-none-eabi/9.3.1/thumb/v7e-m+fp/hard\libgcc.a
LOAD s:/stm software/stmcubeide/stm32cubeide_1.7.0/stm32cubeide/plugins/com.st.stm32cube.ide.mcu.externaltools.gnu-tools-for-stm32.9-2020-q2-update.win32_2.0.0.202105311346/tools/bin/../lib/gcc/arm-none-eabi/9.3.1/../../../../arm-none-eabi/lib/thumb/v7e-m+fp/hard\libc_nano.a
LOAD s:/stm software/stmcubeide/stm32cubeide_1.7.0/stm32cubeide/plugins/com.st.stm32cube.ide.mcu.externaltools.gnu-tools-for-stm32.9-2020-q2-update.win32_2.0.0.202105311346/tools/bin/../lib/gcc/arm-none-eabi/9.3.1/../../../../arm-none-eabi/lib/thumb/v7e-m+fp/hard\libnosys.a
END GROUP
LOAD s:/stm software/stmcubeide/stm32cubeide_1.7.0/stm32cubeide/plugins/com.st.stm32cube.ide.mcu.externaltools.gnu-tools-for-stm32.9-2020-q2-update.win32_2.0.0.202105311346/tools/bin/../lib/gcc/arm-none-eabi/9.3.1/thumb/v7e-m+fp/hard/crtend.o
LOAD s:/stm software/stmcubeide/stm32cubeide_1.7.0/stm32cubeide/plugins/com.st.stm32cube.ide.mcu.externaltools.gnu-tools-for-stm32.9-2020-q2-update.win32_2.0.0.202105311346/tools/bin/../lib/gcc/arm-none-eabi/9.3.1/thumb/v7e-m+fp/hard/crtn.o
                0x0000000020020000                _estack = (ORIGIN (RAM) + LENGTH (RAM))
                0x0000000000000200                _Min_Heap_Size = 0x200
                0x0000000000000400                _Min_Stack_Size = 0x400

.isr_vector     0x0000000008000000      0x198
                0x0000000008000000                . = ALIGN (0x4)
 *(.isr_vector)
 .isr_vector    0x0000000008000000      0x198 ./Core/Startup/startup_stm32f411ceux.o
                0x0000000008000000                g_pfnVectors
                0x0000000008000198                . = ALIGN (0x4)

.text           0x0000000008000198     0x35c8
                0x0000000008000198                . = ALIGN (0x4)
 *(.text)
 .text          0x0000000008000198       0x40 s:/stm software/stmcubeide/stm32cubeide_1.7.0/stm32cubeide/plugins/com.st.stm32cube.ide.mcu.externaltools.gnu-tools-for-stm32.9-2020-q2-update.win32_2.0.0.202105311346/tools/bin/../lib/gcc/arm-none-eabi/9.3.1/thumb/v7e-m+fp/hard/crtbegin.o
 .text          0x00000000080001d8       0x30 s:/stm software/stmcubeide/stm32cubeide_1.7.0/stm32cubeide/plugins/com.st.stm32cube.ide.mcu.externaltools.gnu-tools-for-stm32.9-2020-q2-update.win32_2.0.0.202105311346/tools/bin/../lib/gcc/arm-none-eabi/9.3.1/thumb/v7e-m+fp/hard\libgcc.a(_aeabi_uldivmod.o)
                0x00000000080001d8                __aeabi_uldivmod
 .text          0x0000000008000208      0x2c4 s:/stm software/stmcubeide/stm32cubeide_1.7.0/stm32cubeide/plugins/com.st.stm32cube.ide.mcu.externaltools.gnu-tools-for-stm32.9-2020-q2-update.win32_2.0.0.202105311346/tools/bin/../lib/gcc/arm-none-eabi/9.3.1/thumb/v7e-m+fp/hard\libgcc.a(_udivmoddi4.o)
                0x0000000008000208                __udivmoddi4
 .text          0x00000000080004cc        0x4 s:/stm software/stmcubeide/stm32cubeide_1.7.0/stm32cubeide/plugins/com.st.stm32cube.ide.mcu.externaltools.gnu-tools-for-stm32.9-2020-q2-update.win32_2.0.0.202105311346/tools/bin/../lib/gcc/arm-none-eabi/9.3.1/thumb/v7e-m+fp/hard\libgcc.a(_dvmd_tls.o)
                0x00000000080004cc                __aeabi_idiv0
                0x00000000080004cc                __aeabi_ldiv0
 *(.text*)
 .text.OneKey   0x00000000080004d0       0x3c ./Core/Src/main.o
                0x00000000080004d0                OneKey
 .text.SystemClock_Config
                0x000000000800050c       0xa4 ./Core/Src/main.o
                0x000000000800050c                SystemClock_Config
 .text.startup.main
                0x00000000080005b0      0x750 ./Core/Src/main.o
                0x00000000080005b0                main
 .text.Error_Handler
                0x0000000008000d00        0x4 ./Core/Src/main.o
                0x0000000008000d00                Error_Handler
 .text.HAL_MspInit
                0x0000000008000d04       0x38 ./Core/Src/stm32f4xx_hal_msp.o
                0x0000000008000d04                HAL_MspInit
 .text.NMI_Handler
                0x0000000008000d3c        0x2 ./Core/Src/stm32f4xx_it.o
                0x0000000008000d3c                NMI_Handler
 .text.HardFault_Handler
                0x0000000008000d3e        0x2 ./Core/Src/stm32f4xx_it.o
                0x0000000008000d3e                HardFault_Handler
 .text.MemManage_Handler
                0x0000000008000d40        0x2 ./Core/Src/stm32f4xx_it.o
                0x0000000008000d40                MemManage_Handler
 .text.BusFault_Handler
                0x0000000008000d42        0x2 ./Core/Src/stm32f4xx_it.o
                0x0000000008000d42                BusFault_Handler
 .text.UsageFault_Handler
                0x0000000008000d44        0x2 ./Core/Src/stm32f4xx_it.o
                0x0000000008000d44                UsageFault_Handler
 .text.SVC_Handler
                0x0000000008000d46        0x2 ./Core/Src/stm32f4xx_it.o
                0x0000000008000d46                SVC_Handler
 .text.DebugMon_Handler
                0x0000000008000d48        0x2 ./Core/Src/stm32f4xx_it.o
                0x0000000008000d48                DebugMon_Handler
 .text.PendSV_Handler
                0x0000000008000d4a        0x2 ./Core/Src/stm32f4xx_it.o
                0x0000000008000d4a                PendSV_Handler
 .text.SysTick_Handler
                0x0000000008000d4c        0x4 ./Core/Src/stm32f4xx_it.o
                0x0000000008000d4c                SysTick_Handler
 .text.OTG_FS_IRQHandler
                0x0000000008000d50        0xc ./Core/Src/stm32f4xx_it.o
                0x0000000008000d50                OTG_FS_IRQHandler
 .text.SystemInit
                0x0000000008000d5c       0x14 ./Core/Src/system_stm32f4xx.o
                0x0000000008000d5c                SystemInit
 .text.Reset_Handler
                0x0000000008000d70       0x50 ./Core/Startup/startup_stm32f411ceux.o
                0x0000000008000d70                Reset_Handler
 .text.Default_Handler
                0x0000000008000dc0        0x2 ./Core/Startup/startup_stm32f411ceux.o
                0x0000000008000dc0                RTC_Alarm_IRQHandler
                0x0000000008000dc0                EXTI2_IRQHandler
                0x0000000008000dc0                SPI4_IRQHandler
                0x0000000008000dc0                TIM1_CC_IRQHandler
                0x0000000008000dc0                DMA2_Stream5_IRQHandler
                0x0000000008000dc0                DMA1_Stream5_IRQHandler
                0x0000000008000dc0                PVD_IRQHandler
                0x0000000008000dc0                SDIO_IRQHandler
                0x0000000008000dc0                TAMP_STAMP_IRQHandler
                0x0000000008000dc0                EXTI3_IRQHandler
                0x0000000008000dc0                TIM1_UP_TIM10_IRQHandler
                0x0000000008000dc0                I2C3_ER_IRQHandler
                0x0000000008000dc0                EXTI0_IRQHandler
                0x0000000008000dc0                I2C2_EV_IRQHandler
                0x0000000008000dc0                DMA1_Stream2_IRQHandler
                0x0000000008000dc0                FPU_IRQHandler
                0x0000000008000dc0                DMA2_Stream2_IRQHandler
                0x0000000008000dc0                SPI1_IRQHandler
                0x0000000008000dc0                TIM1_BRK_TIM9_IRQHandler
                0x0000000008000dc0                DMA2_Stream3_IRQHandler
                0x0000000008000dc0                USART6_IRQHandler
                0x0000000008000dc0                DMA2_Stream0_IRQHandler
                0x0000000008000dc0                TIM4_IRQHandler
                0x0000000008000dc0                I2C1_EV_IRQHandler
                0x0000000008000dc0                DMA1_Stream6_IRQHandler
                0x0000000008000dc0                DMA1_Stream1_IRQHandler
                0x0000000008000dc0                TIM3_IRQHandler
                0x0000000008000dc0                RCC_IRQHandler
                0x0000000008000dc0                Default_Handler
                0x0000000008000dc0                EXTI15_10_IRQHandler
                0x0000000008000dc0                ADC_IRQHandler
                0x0000000008000dc0                DMA1_Stream7_IRQHandler
                0x0000000008000dc0                SPI5_IRQHandler
                0x0000000008000dc0                TIM5_IRQHandler
                0x0000000008000dc0                DMA2_Stream7_IRQHandler
                0x0000000008000dc0                I2C3_EV_IRQHandler
                0x0000000008000dc0                EXTI9_5_IRQHandler
                0x0000000008000dc0                RTC_WKUP_IRQHandler
                0x0000000008000dc0                SPI2_IRQHandler
                0x0000000008000dc0                DMA1_Stream0_IRQHandler
                0x0000000008000dc0                EXTI4_IRQHandler
                0x0000000008000dc0                WWDG_IRQHandler
                0x0000000008000dc0                TIM2_IRQHandler
                0x0000000008000dc0                OTG_FS_WKUP_IRQHandler
                0x0000000008000dc0                TIM1_TRG_COM_TIM11_IRQHandler
                0x0000000008000dc0                EXTI1_IRQHandler
                0x0000000008000dc0                USART2_IRQHandler
                0x0000000008000dc0                I2C2_ER_IRQHandler
                0x0000000008000dc0                DMA2_Stream1_IRQHandler
                0x0000000008000dc0                FLASH_IRQHandler
                0x0000000008000dc0                DMA2_Stream4_IRQHandler
                0x0000000008000dc0                USART1_IRQHandler
                0x0000000008000dc0                SPI3_IRQHandler
                0x0000000008000dc0                DMA1_Stream4_IRQHandler
                0x0000000008000dc0                I2C1_ER_IRQHandler
                0x0000000008000dc0                DMA2_Stream6_IRQHandler
                0x0000000008000dc0                DMA1_Stream3_IRQHandler
 *fill*         0x0000000008000dc2        0x2 
 .text.HAL_InitTick
                0x0000000008000dc4       0x48 ./Drivers/STM32F4xx_HAL_Driver/Src/stm32f4xx_hal.o
                0x0000000008000dc4                HAL_InitTick
 .text.HAL_Init
                0x0000000008000e0c       0x34 ./Drivers/STM32F4xx_HAL_Driver/Src/stm32f4xx_hal.o
                0x0000000008000e0c                HAL_Init
 .text.HAL_IncTick
                0x0000000008000e40       0x18 ./Drivers/STM32F4xx_HAL_Driver/Src/stm32f4xx_hal.o
                0x0000000008000e40                HAL_IncTick
 .text.HAL_GetTick
                0x0000000008000e58        0xc ./Drivers/STM32F4xx_HAL_Driver/Src/stm32f4xx_hal.o
                0x0000000008000e58                HAL_GetTick
 .text.HAL_Delay
                0x0000000008000e64       0x28 ./Drivers/STM32F4xx_HAL_Driver/Src/stm32f4xx_hal.o
                0x0000000008000e64                HAL_Delay
 .text.HAL_NVIC_SetPriorityGrouping
                0x0000000008000e8c       0x24 ./Drivers/STM32F4xx_HAL_Driver/Src/stm32f4xx_hal_cortex.o
                0x0000000008000e8c                HAL_NVIC_SetPriorityGrouping
 .text.HAL_NVIC_SetPriority
                0x0000000008000eb0       0x64 ./Drivers/STM32F4xx_HAL_Driver/Src/stm32f4xx_hal_cortex.o
                0x0000000008000eb0                HAL_NVIC_SetPriority
 .text.HAL_NVIC_EnableIRQ
                0x0000000008000f14       0x1c ./Drivers/STM32F4xx_HAL_Driver/Src/stm32f4xx_hal_cortex.o
                0x0000000008000f14                HAL_NVIC_EnableIRQ
 .text.HAL_SYSTICK_Config
                0x0000000008000f30       0x2c ./Drivers/STM32F4xx_HAL_Driver/Src/stm32f4xx_hal_cortex.o
                0x0000000008000f30                HAL_SYSTICK_Config
 .text.HAL_GPIO_Init
                0x0000000008000f5c      0x190 ./Drivers/STM32F4xx_HAL_Driver/Src/stm32f4xx_hal_gpio.o
                0x0000000008000f5c                HAL_GPIO_Init
 .text.HAL_GPIO_ReadPin
                0x00000000080010ec        0xc ./Drivers/STM32F4xx_HAL_Driver/Src/stm32f4xx_hal_gpio.o
                0x00000000080010ec                HAL_GPIO_ReadPin
 .text.HAL_PCD_Init
                0x00000000080010f8      0x10a ./Drivers/STM32F4xx_HAL_Driver/Src/stm32f4xx_hal_pcd.o
                0x00000000080010f8                HAL_PCD_Init
 .text.HAL_PCD_Start
                0x0000000008001202       0x3e ./Drivers/STM32F4xx_HAL_Driver/Src/stm32f4xx_hal_pcd.o
                0x0000000008001202                HAL_PCD_Start
 .text.HAL_PCD_IRQHandler
                0x0000000008001240      0x560 ./Drivers/STM32F4xx_HAL_Driver/Src/stm32f4xx_hal_pcd.o
                0x0000000008001240                HAL_PCD_IRQHandler
 .text.HAL_PCD_SetAddress
                0x00000000080017a0       0x28 ./Drivers/STM32F4xx_HAL_Driver/Src/stm32f4xx_hal_pcd.o
                0x00000000080017a0                HAL_PCD_SetAddress
 .text.HAL_PCD_EP_Open
                0x00000000080017c8       0x70 ./Drivers/STM32F4xx_HAL_Driver/Src/stm32f4xx_hal_pcd.o
                0x00000000080017c8                HAL_PCD_EP_Open
 .text.HAL_PCD_EP_Close
                0x0000000008001838       0x5e ./Drivers/STM32F4xx_HAL_Driver/Src/stm32f4xx_hal_pcd.o
                0x0000000008001838                HAL_PCD_EP_Close
 .text.HAL_PCD_EP_Receive
                0x0000000008001896       0x48 ./Drivers/STM32F4xx_HAL_Driver/Src/stm32f4xx_hal_pcd.o
                0x0000000008001896                HAL_PCD_EP_Receive
 .text.HAL_PCD_EP_Transmit
                0x00000000080018de       0x40 ./Drivers/STM32F4xx_HAL_Driver/Src/stm32f4xx_hal_pcd.o
                0x00000000080018de                HAL_PCD_EP_Transmit
 .text.HAL_PCD_EP_SetStall
                0x000000000800191e       0x70 ./Drivers/STM32F4xx_HAL_Driver/Src/stm32f4xx_hal_pcd.o
                0x000000000800191e                HAL_PCD_EP_SetStall
 .text.HAL_PCD_EP_ClrStall
                0x000000000800198e       0x6c ./Drivers/STM32F4xx_HAL_Driver/Src/stm32f4xx_hal_pcd.o
                0x000000000800198e                HAL_PCD_EP_ClrStall
 .text.HAL_PCDEx_SetTxFiFo
                0x00000000080019fa       0x40 ./Drivers/STM32F4xx_HAL_Driver/Src/stm32f4xx_hal_pcd_ex.o
                0x00000000080019fa                HAL_PCDEx_SetTxFiFo
 .text.HAL_PCDEx_SetRxFiFo
                0x0000000008001a3a        0x8 ./Drivers/STM32F4xx_HAL_Driver/Src/stm32f4xx_hal_pcd_ex.o
                0x0000000008001a3a                HAL_PCDEx_SetRxFiFo
 .text.HAL_PCDEx_LPM_Callback
                0x0000000008001a42        0x2 ./Drivers/STM32F4xx_HAL_Driver/Src/stm32f4xx_hal_pcd_ex.o
                0x0000000008001a42                HAL_PCDEx_LPM_Callback
 .text.HAL_RCC_OscConfig
                0x0000000008001a44      0x358 ./Drivers/STM32F4xx_HAL_Driver/Src/stm32f4xx_hal_rcc.o
                0x0000000008001a44                HAL_RCC_OscConfig
 .text.HAL_RCC_GetSysClockFreq
                0x0000000008001d9c       0x5c ./Drivers/STM32F4xx_HAL_Driver/Src/stm32f4xx_hal_rcc.o
                0x0000000008001d9c                HAL_RCC_GetSysClockFreq
 .text.HAL_RCC_ClockConfig
                0x0000000008001df8      0x138 ./Drivers/STM32F4xx_HAL_Driver/Src/stm32f4xx_hal_rcc.o
                0x0000000008001df8                HAL_RCC_ClockConfig
 .text.HAL_RCC_GetHCLKFreq
                0x0000000008001f30        0xc ./Drivers/STM32F4xx_HAL_Driver/Src/stm32f4xx_hal_rcc.o
                0x0000000008001f30                HAL_RCC_GetHCLKFreq
 .text.USB_CoreReset
                0x0000000008001f3c       0x48 ./Drivers/STM32F4xx_HAL_Driver/Src/stm32f4xx_ll_usb.o
 .text.USB_CoreInit
                0x0000000008001f84       0x80 ./Drivers/STM32F4xx_HAL_Driver/Src/stm32f4xx_ll_usb.o
                0x0000000008001f84                USB_CoreInit
 .text.USB_SetTurnaroundTime
                0x0000000008002004       0xe0 ./Drivers/STM32F4xx_HAL_Driver/Src/stm32f4xx_ll_usb.o
                0x0000000008002004                USB_SetTurnaroundTime
 .text.USB_EnableGlobalInt
                0x00000000080020e4        0xc ./Drivers/STM32F4xx_HAL_Driver/Src/stm32f4xx_ll_usb.o
                0x00000000080020e4                USB_EnableGlobalInt
 .text.USB_DisableGlobalInt
                0x00000000080020f0        0xc ./Drivers/STM32F4xx_HAL_Driver/Src/stm32f4xx_ll_usb.o
                0x00000000080020f0                USB_DisableGlobalInt
 .text.USB_SetCurrentMode
                0x00000000080020fc       0x60 ./Drivers/STM32F4xx_HAL_Driver/Src/stm32f4xx_ll_usb.o
                0x00000000080020fc                USB_SetCurrentMode
 .text.USB_FlushTxFifo
                0x000000000800215c       0x30 ./Drivers/STM32F4xx_HAL_Driver/Src/stm32f4xx_ll_usb.o
                0x000000000800215c                USB_FlushTxFifo
 .text.USB_FlushRxFifo
                0x000000000800218c       0x2c ./Drivers/STM32F4xx_HAL_Driver/Src/stm32f4xx_ll_usb.o
                0x000000000800218c                USB_FlushRxFifo
 .text.USB_SetDevSpeed
                0x00000000080021b8        0xe ./Drivers/STM32F4xx_HAL_Driver/Src/stm32f4xx_ll_usb.o
                0x00000000080021b8                USB_SetDevSpeed
 *fill*         0x00000000080021c6        0x2 
 .text.USB_DevInit
                0x00000000080021c8      0x170 ./Drivers/STM32F4xx_HAL_Driver/Src/stm32f4xx_ll_usb.o
                0x00000000080021c8                USB_DevInit
 .text.USB_GetDevSpeed
                0x0000000008002338       0x16 ./Drivers/STM32F4xx_HAL_Driver/Src/stm32f4xx_ll_usb.o
                0x0000000008002338                USB_GetDevSpeed
 .text.USB_ActivateEndpoint
                0x000000000800234e       0x7c ./Drivers/STM32F4xx_HAL_Driver/Src/stm32f4xx_ll_usb.o
                0x000000000800234e                USB_ActivateEndpoint
 *fill*         0x00000000080023ca        0x2 
 .text.USB_DeactivateEndpoint
                0x00000000080023cc       0xac ./Drivers/STM32F4xx_HAL_Driver/Src/stm32f4xx_ll_usb.o
                0x00000000080023cc                USB_DeactivateEndpoint
 .text.USB_EP0StartXfer
                0x0000000008002478       0xf4 ./Drivers/STM32F4xx_HAL_Driver/Src/stm32f4xx_ll_usb.o
                0x0000000008002478                USB_EP0StartXfer
 .text.USB_WritePacket
                0x000000000800256c       0x26 ./Drivers/STM32F4xx_HAL_Driver/Src/stm32f4xx_ll_usb.o
                0x000000000800256c                USB_WritePacket
 *fill*         0x0000000008002592        0x2 
 .text.USB_EPStartXfer
                0x0000000008002594      0x1dc ./Drivers/STM32F4xx_HAL_Driver/Src/stm32f4xx_ll_usb.o
                0x0000000008002594                USB_EPStartXfer
 .text.USB_ReadPacket
                0x0000000008002770       0x46 ./Drivers/STM32F4xx_HAL_Driver/Src/stm32f4xx_ll_usb.o
                0x0000000008002770                USB_ReadPacket
 .text.USB_EPSetStall
                0x00000000080027b6       0x56 ./Drivers/STM32F4xx_HAL_Driver/Src/stm32f4xx_ll_usb.o
                0x00000000080027b6                USB_EPSetStall
 .text.USB_EPClearStall
                0x000000000800280c       0x52 ./Drivers/STM32F4xx_HAL_Driver/Src/stm32f4xx_ll_usb.o
                0x000000000800280c                USB_EPClearStall
 .text.USB_SetDevAddress
                0x000000000800285e       0x20 ./Drivers/STM32F4xx_HAL_Driver/Src/stm32f4xx_ll_usb.o
                0x000000000800285e                USB_SetDevAddress
 .text.USB_DevConnect
                0x000000000800287e       0x1c ./Drivers/STM32F4xx_HAL_Driver/Src/stm32f4xx_ll_usb.o
                0x000000000800287e                USB_DevConnect
 .text.USB_DevDisconnect
                0x000000000800289a       0x1c ./Drivers/STM32F4xx_HAL_Driver/Src/stm32f4xx_ll_usb.o
                0x000000000800289a                USB_DevDisconnect
 .text.USB_ReadInterrupts
                0x00000000080028b6        0x8 ./Drivers/STM32F4xx_HAL_Driver/Src/stm32f4xx_ll_usb.o
                0x00000000080028b6                USB_ReadInterrupts
 .text.USB_ReadDevAllOutEpInterrupt
                0x00000000080028be       0x10 ./Drivers/STM32F4xx_HAL_Driver/Src/stm32f4xx_ll_usb.o
                0x00000000080028be                USB_ReadDevAllOutEpInterrupt
 .text.USB_ReadDevAllInEpInterrupt
                0x00000000080028ce       0x10 ./Drivers/STM32F4xx_HAL_Driver/Src/stm32f4xx_ll_usb.o
                0x00000000080028ce                USB_ReadDevAllInEpInterrupt
 .text.USB_ReadDevOutEPInterrupt
                0x00000000080028de       0x12 ./Drivers/STM32F4xx_HAL_Driver/Src/stm32f4xx_ll_usb.o
                0x00000000080028de                USB_ReadDevOutEPInterrupt
 .text.USB_ReadDevInEPInterrupt
                0x00000000080028f0       0x24 ./Drivers/STM32F4xx_HAL_Driver/Src/stm32f4xx_ll_usb.o
                0x00000000080028f0                USB_ReadDevInEPInterrupt
 .text.USB_GetMode
                0x0000000008002914        0x8 ./Drivers/STM32F4xx_HAL_Driver/Src/stm32f4xx_ll_usb.o
                0x0000000008002914                USB_GetMode
 .text.USB_ActivateSetup
                0x000000000800291c       0x20 ./Drivers/STM32F4xx_HAL_Driver/Src/stm32f4xx_ll_usb.o
                0x000000000800291c                USB_ActivateSetup
 .text.USB_EP0_OutStart
                0x000000000800293c       0x4c ./Drivers/STM32F4xx_HAL_Driver/Src/stm32f4xx_ll_usb.o
                0x000000000800293c                USB_EP0_OutStart
 .text.USBD_HID_GetFSCfgDesc
                0x0000000008002988        0xc ./Middlewares/ST/STM32_USB_Device_Library/Class/HID/Src/usbd_hid.o
 .text.USBD_HID_GetHSCfgDesc
                0x0000000008002994        0xc ./Middlewares/ST/STM32_USB_Device_Library/Class/HID/Src/usbd_hid.o
 .text.USBD_HID_GetOtherSpeedCfgDesc
                0x00000000080029a0        0xc ./Middlewares/ST/STM32_USB_Device_Library/Class/HID/Src/usbd_hid.o
 .text.USBD_HID_DataIn
                0x00000000080029ac        0xa ./Middlewares/ST/STM32_USB_Device_Library/Class/HID/Src/usbd_hid.o
 *fill*         0x00000000080029b6        0x2 
 .text.USBD_HID_GetDeviceQualifierDesc
                0x00000000080029b8        0xc ./Middlewares/ST/STM32_USB_Device_Library/Class/HID/Src/usbd_hid.o
 .text.USBD_HID_Setup
                0x00000000080029c4      0x100 ./Middlewares/ST/STM32_USB_Device_Library/Class/HID/Src/usbd_hid.o
 .text.USBD_HID_DeInit
                0x0000000008002ac4       0x20 ./Middlewares/ST/STM32_USB_Device_Library/Class/HID/Src/usbd_hid.o
 .text.USBD_HID_Init
                0x0000000008002ae4       0x38 ./Middlewares/ST/STM32_USB_Device_Library/Class/HID/Src/usbd_hid.o
 .text.USBD_HID_SendReport
                0x0000000008002b1c       0x2e ./Middlewares/ST/STM32_USB_Device_Library/Class/HID/Src/usbd_hid.o
                0x0000000008002b1c                USBD_HID_SendReport
 .text.USBD_Init
                0x0000000008002b4a       0x26 ./Middlewares/ST/STM32_USB_Device_Library/Core/Src/usbd_core.o
                0x0000000008002b4a                USBD_Init
 .text.USBD_RegisterClass
                0x0000000008002b70       0x2c ./Middlewares/ST/STM32_USB_Device_Library/Core/Src/usbd_core.o
                0x0000000008002b70                USBD_RegisterClass
 .text.USBD_Start
                0x0000000008002b9c        0x4 ./Middlewares/ST/STM32_USB_Device_Library/Core/Src/usbd_core.o
                0x0000000008002b9c                USBD_Start
 .text.USBD_SetClassConfig
                0x0000000008002ba0        0xe ./Middlewares/ST/STM32_USB_Device_Library/Core/Src/usbd_core.o
                0x0000000008002ba0                USBD_SetClassConfig
 .text.USBD_ClrClassConfig
                0x0000000008002bae       0x10 ./Middlewares/ST/STM32_USB_Device_Library/Core/Src/usbd_core.o
                0x0000000008002bae                USBD_ClrClassConfig
 .text.USBD_LL_SetupStage
                0x0000000008002bbe       0x60 ./Middlewares/ST/STM32_USB_Device_Library/Core/Src/usbd_core.o
                0x0000000008002bbe                USBD_LL_SetupStage
 .text.USBD_LL_DataOutStage
                0x0000000008002c1e       0x60 ./Middlewares/ST/STM32_USB_Device_Library/Core/Src/usbd_core.o
                0x0000000008002c1e                USBD_LL_DataOutStage
 .text.USBD_LL_DataInStage
                0x0000000008002c7e       0xa4 ./Middlewares/ST/STM32_USB_Device_Library/Core/Src/usbd_core.o
                0x0000000008002c7e                USBD_LL_DataInStage
 .text.USBD_LL_Reset
                0x0000000008002d22       0x58 ./Middlewares/ST/STM32_USB_Device_Library/Core/Src/usbd_core.o
                0x0000000008002d22                USBD_LL_Reset
 .text.USBD_LL_SetSpeed
                0x0000000008002d7a        0x6 ./Middlewares/ST/STM32_USB_Device_Library/Core/Src/usbd_core.o
                0x0000000008002d7a                USBD_LL_SetSpeed
 .text.USBD_LL_Suspend
                0x0000000008002d80       0x14 ./Middlewares/ST/STM32_USB_Device_Library/Core/Src/usbd_core.o
                0x0000000008002d80                USBD_LL_Suspend
 .text.USBD_LL_Resume
                0x0000000008002d94       0x16 ./Middlewares/ST/STM32_USB_Device_Library/Core/Src/usbd_core.o
                0x0000000008002d94                USBD_LL_Resume
 .text.USBD_LL_SOF
                0x0000000008002daa       0x22 ./Middlewares/ST/STM32_USB_Device_Library/Core/Src/usbd_core.o
                0x0000000008002daa                USBD_LL_SOF
 .text.USBD_LL_IsoINIncomplete
                0x0000000008002dcc       0x22 ./Middlewares/ST/STM32_USB_Device_Library/Core/Src/usbd_core.o
                0x0000000008002dcc                USBD_LL_IsoINIncomplete
 .text.USBD_LL_IsoOUTIncomplete
                0x0000000008002dee       0x22 ./Middlewares/ST/STM32_USB_Device_Library/Core/Src/usbd_core.o
                0x0000000008002dee                USBD_LL_IsoOUTIncomplete
 .text.USBD_LL_DevConnected
                0x0000000008002e10        0x4 ./Middlewares/ST/STM32_USB_Device_Library/Core/Src/usbd_core.o
                0x0000000008002e10                USBD_LL_DevConnected
 .text.USBD_LL_DevDisconnected
                0x0000000008002e14       0x18 ./Middlewares/ST/STM32_USB_Device_Library/Core/Src/usbd_core.o
                0x0000000008002e14                USBD_LL_DevDisconnected
 .text.USBD_CtlError.constprop.0
                0x0000000008002e2c       0x16 ./Middlewares/ST/STM32_USB_Device_Library/Core/Src/usbd_ctlreq.o
 *fill*         0x0000000008002e42        0x2 
 .text.USBD_StdDevReq
                0x0000000008002e44      0x284 ./Middlewares/ST/STM32_USB_Device_Library/Core/Src/usbd_ctlreq.o
                0x0000000008002e44                USBD_StdDevReq
 .text.USBD_StdItfReq
                0x00000000080030c8       0x4c ./Middlewares/ST/STM32_USB_Device_Library/Core/Src/usbd_ctlreq.o
                0x00000000080030c8                USBD_StdItfReq
 .text.USBD_StdEPReq
                0x0000000008003114      0x11e ./Middlewares/ST/STM32_USB_Device_Library/Core/Src/usbd_ctlreq.o
                0x0000000008003114                USBD_StdEPReq
 .text.USBD_ParseSetupRequest
                0x0000000008003232       0x28 ./Middlewares/ST/STM32_USB_Device_Library/Core/Src/usbd_ctlreq.o
                0x0000000008003232                USBD_ParseSetupRequest
 .text.USBD_CtlError
                0x000000000800325a       0x16 ./Middlewares/ST/STM32_USB_Device_Library/Core/Src/usbd_ctlreq.o
                0x000000000800325a                USBD_CtlError
 .text.USBD_GetString
                0x0000000008003270       0x38 ./Middlewares/ST/STM32_USB_Device_Library/Core/Src/usbd_ctlreq.o
                0x0000000008003270                USBD_GetString
 .text.USBD_CtlSendData
                0x00000000080032a8       0x1a ./Middlewares/ST/STM32_USB_Device_Library/Core/Src/usbd_ioreq.o
                0x00000000080032a8                USBD_CtlSendData
 .text.USBD_CtlContinueSendData
                0x00000000080032c2       0x10 ./Middlewares/ST/STM32_USB_Device_Library/Core/Src/usbd_ioreq.o
                0x00000000080032c2                USBD_CtlContinueSendData
 .text.USBD_CtlContinueRx
                0x00000000080032d2       0x10 ./Middlewares/ST/STM32_USB_Device_Library/Core/Src/usbd_ioreq.o
                0x00000000080032d2                USBD_CtlContinueRx
 .text.USBD_CtlSendStatus
                0x00000000080032e2       0x16 ./Middlewares/ST/STM32_USB_Device_Library/Core/Src/usbd_ioreq.o
                0x00000000080032e2                USBD_CtlSendStatus
 .text.USBD_CtlReceiveStatus
                0x00000000080032f8       0x16 ./Middlewares/ST/STM32_USB_Device_Library/Core/Src/usbd_ioreq.o
                0x00000000080032f8                USBD_CtlReceiveStatus
 *fill*         0x000000000800330e        0x2 
 .text.MX_USB_DEVICE_Init
                0x0000000008003310       0x40 ./USB_DEVICE/App/usb_device.o
                0x0000000008003310                MX_USB_DEVICE_Init
 .text.USBD_FS_DeviceDescriptor
                0x0000000008003350        0xc ./USB_DEVICE/App/usbd_desc.o
                0x0000000008003350                USBD_FS_DeviceDescriptor
 .text.USBD_FS_LangIDStrDescriptor
                0x000000000800335c        0xc ./USB_DEVICE/App/usbd_desc.o
                0x000000000800335c                USBD_FS_LangIDStrDescriptor
 .text.IntToUnicode
                0x0000000008003368       0x2a ./USB_DEVICE/App/usbd_desc.o
 *fill*         0x0000000008003392        0x2 
 .text.USBD_FS_SerialStrDescriptor
                0x0000000008003394       0x40 ./USB_DEVICE/App/usbd_desc.o
                0x0000000008003394                USBD_FS_SerialStrDescriptor
 .text.USBD_FS_ManufacturerStrDescriptor
                0x00000000080033d4       0x1c ./USB_DEVICE/App/usbd_desc.o
                0x00000000080033d4                USBD_FS_ManufacturerStrDescriptor
 .text.USBD_FS_ProductStrDescriptor
                0x00000000080033f0       0x1c ./USB_DEVICE/App/usbd_desc.o
                0x00000000080033f0                USBD_FS_ProductStrDescriptor
 .text.USBD_FS_ConfigStrDescriptor
                0x000000000800340c       0x1c ./USB_DEVICE/App/usbd_desc.o
                0x000000000800340c                USBD_FS_ConfigStrDescriptor
 .text.USBD_FS_InterfaceStrDescriptor
                0x0000000008003428       0x1c ./USB_DEVICE/App/usbd_desc.o
                0x0000000008003428                USBD_FS_InterfaceStrDescriptor
 .text.HAL_PCD_MspInit
                0x0000000008003444       0x84 ./USB_DEVICE/Target/usbd_conf.o
                0x0000000008003444                HAL_PCD_MspInit
 .text.HAL_PCD_SetupStageCallback
                0x00000000080034c8        0xc ./USB_DEVICE/Target/usbd_conf.o
                0x00000000080034c8                HAL_PCD_SetupStageCallback
 .text.HAL_PCD_DataOutStageCallback
                0x00000000080034d4       0x12 ./USB_DEVICE/Target/usbd_conf.o
                0x00000000080034d4                HAL_PCD_DataOutStageCallback
 .text.HAL_PCD_DataInStageCallback
                0x00000000080034e6       0x10 ./USB_DEVICE/Target/usbd_conf.o
                0x00000000080034e6                HAL_PCD_DataInStageCallback
 .text.HAL_PCD_SOFCallback
                0x00000000080034f6        0x8 ./USB_DEVICE/Target/usbd_conf.o
                0x00000000080034f6                HAL_PCD_SOFCallback
 .text.HAL_PCD_ResetCallback
                0x00000000080034fe       0x24 ./USB_DEVICE/Target/usbd_conf.o
                0x00000000080034fe                HAL_PCD_ResetCallback
 *fill*         0x0000000008003522        0x2 
 .text.HAL_PCD_SuspendCallback
                0x0000000008003524       0x30 ./USB_DEVICE/Target/usbd_conf.o
                0x0000000008003524                HAL_PCD_SuspendCallback
 .text.HAL_PCD_ResumeCallback
                0x0000000008003554        0x8 ./USB_DEVICE/Target/usbd_conf.o
                0x0000000008003554                HAL_PCD_ResumeCallback
 .text.HAL_PCD_ISOOUTIncompleteCallback
                0x000000000800355c        0x8 ./USB_DEVICE/Target/usbd_conf.o
                0x000000000800355c                HAL_PCD_ISOOUTIncompleteCallback
 .text.HAL_PCD_ISOINIncompleteCallback
                0x0000000008003564        0x8 ./USB_DEVICE/Target/usbd_conf.o
                0x0000000008003564                HAL_PCD_ISOINIncompleteCallback
 .text.HAL_PCD_ConnectCallback
                0x000000000800356c        0x8 ./USB_DEVICE/Target/usbd_conf.o
                0x000000000800356c                HAL_PCD_ConnectCallback
 .text.HAL_PCD_DisconnectCallback
                0x0000000008003574        0x8 ./USB_DEVICE/Target/usbd_conf.o
                0x0000000008003574                HAL_PCD_DisconnectCallback
 .text.USBD_LL_Init
                0x000000000800357c       0x5c ./USB_DEVICE/Target/usbd_conf.o
                0x000000000800357c                USBD_LL_Init
 .text.USBD_LL_Start
                0x00000000080035d8       0x1c ./USB_DEVICE/Target/usbd_conf.o
                0x00000000080035d8                USBD_LL_Start
 .text.USBD_LL_OpenEP
                0x00000000080035f4       0x20 ./USB_DEVICE/Target/usbd_conf.o
                0x00000000080035f4                USBD_LL_OpenEP
 .text.USBD_LL_CloseEP
                0x0000000008003614       0x1c ./USB_DEVICE/Target/usbd_conf.o
                0x0000000008003614                USBD_LL_CloseEP
 .text.USBD_LL_StallEP
                0x0000000008003630       0x1c ./USB_DEVICE/Target/usbd_conf.o
                0x0000000008003630                USBD_LL_StallEP
 .text.USBD_LL_ClearStallEP
                0x000000000800364c       0x1c ./USB_DEVICE/Target/usbd_conf.o
                0x000000000800364c                USBD_LL_ClearStallEP
 .text.USBD_LL_IsStallEP
                0x0000000008003668       0x26 ./USB_DEVICE/Target/usbd_conf.o
                0x0000000008003668                USBD_LL_IsStallEP
 *fill*         0x000000000800368e        0x2 
 .text.USBD_LL_SetUSBAddress
                0x0000000008003690       0x1c ./USB_DEVICE/Target/usbd_conf.o
                0x0000000008003690                USBD_LL_SetUSBAddress
 .text.USBD_LL_Transmit
                0x00000000080036ac       0x1c ./USB_DEVICE/Target/usbd_conf.o
                0x00000000080036ac                USBD_LL_Transmit
 .text.USBD_LL_PrepareReceive
                0x00000000080036c8       0x1c ./USB_DEVICE/Target/usbd_conf.o
                0x00000000080036c8                USBD_LL_PrepareReceive
 .text.USBD_static_malloc
                0x00000000080036e4        0x8 ./USB_DEVICE/Target/usbd_conf.o
                0x00000000080036e4                USBD_static_malloc
 .text.USBD_static_free
                0x00000000080036ec        0x2 ./USB_DEVICE/Target/usbd_conf.o
                0x00000000080036ec                USBD_static_free
 *fill*         0x00000000080036ee        0x2 
 .text.__libc_init_array
                0x00000000080036f0       0x48 s:/stm software/stmcubeide/stm32cubeide_1.7.0/stm32cubeide/plugins/com.st.stm32cube.ide.mcu.externaltools.gnu-tools-for-stm32.9-2020-q2-update.win32_2.0.0.202105311346/tools/bin/../lib/gcc/arm-none-eabi/9.3.1/../../../../arm-none-eabi/lib/thumb/v7e-m+fp/hard\libc_nano.a(lib_a-init.o)
                0x00000000080036f0                __libc_init_array
 .text.memset   0x0000000008003738       0x10 s:/stm software/stmcubeide/stm32cubeide_1.7.0/stm32cubeide/plugins/com.st.stm32cube.ide.mcu.externaltools.gnu-tools-for-stm32.9-2020-q2-update.win32_2.0.0.202105311346/tools/bin/../lib/gcc/arm-none-eabi/9.3.1/../../../../arm-none-eabi/lib/thumb/v7e-m+fp/hard\libc_nano.a(lib_a-memset.o)
                0x0000000008003738                memset
 *(.glue_7)
 .glue_7        0x0000000008003748        0x0 linker stubs
 *(.glue_7t)
 .glue_7t       0x0000000008003748        0x0 linker stubs
 *(.eh_frame)
 .eh_frame      0x0000000008003748        0x0 s:/stm software/stmcubeide/stm32cubeide_1.7.0/stm32cubeide/plugins/com.st.stm32cube.ide.mcu.externaltools.gnu-tools-for-stm32.9-2020-q2-update.win32_2.0.0.202105311346/tools/bin/../lib/gcc/arm-none-eabi/9.3.1/thumb/v7e-m+fp/hard/crtbegin.o
 *(.init)
 .init          0x0000000008003748        0x4 s:/stm software/stmcubeide/stm32cubeide_1.7.0/stm32cubeide/plugins/com.st.stm32cube.ide.mcu.externaltools.gnu-tools-for-stm32.9-2020-q2-update.win32_2.0.0.202105311346/tools/bin/../lib/gcc/arm-none-eabi/9.3.1/thumb/v7e-m+fp/hard/crti.o
                0x0000000008003748                _init
 .init          0x000000000800374c        0x8 s:/stm software/stmcubeide/stm32cubeide_1.7.0/stm32cubeide/plugins/com.st.stm32cube.ide.mcu.externaltools.gnu-tools-for-stm32.9-2020-q2-update.win32_2.0.0.202105311346/tools/bin/../lib/gcc/arm-none-eabi/9.3.1/thumb/v7e-m+fp/hard/crtn.o
 *(.fini)
 .fini          0x0000000008003754        0x4 s:/stm software/stmcubeide/stm32cubeide_1.7.0/stm32cubeide/plugins/com.st.stm32cube.ide.mcu.externaltools.gnu-tools-for-stm32.9-2020-q2-update.win32_2.0.0.202105311346/tools/bin/../lib/gcc/arm-none-eabi/9.3.1/thumb/v7e-m+fp/hard/crti.o
                0x0000000008003754                _fini
 .fini          0x0000000008003758        0x8 s:/stm software/stmcubeide/stm32cubeide_1.7.0/stm32cubeide/plugins/com.st.stm32cube.ide.mcu.externaltools.gnu-tools-for-stm32.9-2020-q2-update.win32_2.0.0.202105311346/tools/bin/../lib/gcc/arm-none-eabi/9.3.1/thumb/v7e-m+fp/hard/crtn.o
                0x0000000008003760                . = ALIGN (0x4)
                0x0000000008003760                _etext = .

.vfp11_veneer   0x0000000008003760        0x0
 .vfp11_veneer  0x0000000008003760        0x0 linker stubs

.v4_bx          0x0000000008003760        0x0
 .v4_bx         0x0000000008003760        0x0 linker stubs

.iplt           0x0000000008003760        0x0
 .iplt          0x0000000008003760        0x0 s:/stm software/stmcubeide/stm32cubeide_1.7.0/stm32cubeide/plugins/com.st.stm32cube.ide.mcu.externaltools.gnu-tools-for-stm32.9-2020-q2-update.win32_2.0.0.202105311346/tools/bin/../lib/gcc/arm-none-eabi/9.3.1/thumb/v7e-m+fp/hard/crtbegin.o

.rodata         0x0000000008003760       0x48
                0x0000000008003760                . = ALIGN (0x4)
 *(.rodata)
 *(.rodata*)
 .rodata.AHBPrescTable
                0x0000000008003760       0x10 ./Core/Src/system_stm32f4xx.o
                0x0000000008003760                AHBPrescTable
 .rodata.USBD_FS_ManufacturerStrDescriptor.str1.1
                0x0000000008003770       0x13 ./USB_DEVICE/App/usbd_desc.o
 .rodata.USBD_FS_ProductStrDescriptor.str1.1
                0x0000000008003783        0x8 ./USB_DEVICE/App/usbd_desc.o
 .rodata.USBD_FS_ConfigStrDescriptor.str1.1
                0x000000000800378b        0xb ./USB_DEVICE/App/usbd_desc.o
 .rodata.USBD_FS_InterfaceStrDescriptor.str1.1
                0x0000000008003796        0xe ./USB_DEVICE/App/usbd_desc.o
 .rodata.CSWTCH.23
                0x00000000080037a4        0x4 ./USB_DEVICE/Target/usbd_conf.o
                0x00000000080037a8                . = ALIGN (0x4)

.ARM.extab      0x00000000080037a8        0x0
                0x00000000080037a8                . = ALIGN (0x4)
 *(.ARM.extab* .gnu.linkonce.armextab.*)
                0x00000000080037a8                . = ALIGN (0x4)

.ARM            0x00000000080037a8        0x8
                0x00000000080037a8                . = ALIGN (0x4)
                0x00000000080037a8                __exidx_start = .
 *(.ARM.exidx*)
 .ARM.exidx     0x00000000080037a8        0x8 s:/stm software/stmcubeide/stm32cubeide_1.7.0/stm32cubeide/plugins/com.st.stm32cube.ide.mcu.externaltools.gnu-tools-for-stm32.9-2020-q2-update.win32_2.0.0.202105311346/tools/bin/../lib/gcc/arm-none-eabi/9.3.1/thumb/v7e-m+fp/hard\libgcc.a(_udivmoddi4.o)
                0x00000000080037b0                __exidx_end = .
                0x00000000080037b0                . = ALIGN (0x4)

.rel.dyn        0x00000000080037b0        0x0
 .rel.iplt      0x00000000080037b0        0x0 s:/stm software/stmcubeide/stm32cubeide_1.7.0/stm32cubeide/plugins/com.st.stm32cube.ide.mcu.externaltools.gnu-tools-for-stm32.9-2020-q2-update.win32_2.0.0.202105311346/tools/bin/../lib/gcc/arm-none-eabi/9.3.1/thumb/v7e-m+fp/hard/crtbegin.o

.preinit_array  0x00000000080037b0        0x0
                0x00000000080037b0                . = ALIGN (0x4)
                0x00000000080037b0                PROVIDE (__preinit_array_start = .)
 *(.preinit_array*)
                0x00000000080037b0                PROVIDE (__preinit_array_end = .)
                0x00000000080037b0                . = ALIGN (0x4)

.init_array     0x00000000080037b0        0x4
                0x00000000080037b0                . = ALIGN (0x4)
                0x00000000080037b0                PROVIDE (__init_array_start = .)
 *(SORT_BY_NAME(.init_array.*))
 *(.init_array*)
 .init_array    0x00000000080037b0        0x4 s:/stm software/stmcubeide/stm32cubeide_1.7.0/stm32cubeide/plugins/com.st.stm32cube.ide.mcu.externaltools.gnu-tools-for-stm32.9-2020-q2-update.win32_2.0.0.202105311346/tools/bin/../lib/gcc/arm-none-eabi/9.3.1/thumb/v7e-m+fp/hard/crtbegin.o
                0x00000000080037b4                PROVIDE (__init_array_end = .)
                0x00000000080037b4                . = ALIGN (0x4)

.fini_array     0x00000000080037b4        0x4
                0x00000000080037b4                . = ALIGN (0x4)
                [!provide]                        PROVIDE (__fini_array_start = .)
 *(SORT_BY_NAME(.fini_array.*))
 *(.fini_array*)
 .fini_array    0x00000000080037b4        0x4 s:/stm software/stmcubeide/stm32cubeide_1.7.0/stm32cubeide/plugins/com.st.stm32cube.ide.mcu.externaltools.gnu-tools-for-stm32.9-2020-q2-update.win32_2.0.0.202105311346/tools/bin/../lib/gcc/arm-none-eabi/9.3.1/thumb/v7e-m+fp/hard/crtbegin.o
                [!provide]                        PROVIDE (__fini_array_end = .)
                0x00000000080037b8                . = ALIGN (0x4)
                0x00000000080037b8                _sidata = LOADADDR (.data)

.data           0x0000000020000000      0x158 load address 0x00000000080037b8
                0x0000000020000000                . = ALIGN (0x4)
                0x0000000020000000                _sdata = .
 *(.data)
 *(.data*)
 .data.SystemCoreClock
                0x0000000020000000        0x4 ./Core/Src/system_stm32f4xx.o
                0x0000000020000000                SystemCoreClock
 .data.uwTickFreq
                0x0000000020000004        0x1 ./Drivers/STM32F4xx_HAL_Driver/Src/stm32f4xx_hal.o
                0x0000000020000004                uwTickFreq
 *fill*         0x0000000020000005        0x3 
 .data.uwTickPrio
                0x0000000020000008        0x4 ./Drivers/STM32F4xx_HAL_Driver/Src/stm32f4xx_hal.o
                0x0000000020000008                uwTickPrio
 .data.HID_MOUSE_ReportDesc
                0x000000002000000c       0x3f ./Middlewares/ST/STM32_USB_Device_Library/Class/HID/Src/usbd_hid.o
 *fill*         0x000000002000004b        0x1 
 .data.USBD_HID
                0x000000002000004c       0x38 ./Middlewares/ST/STM32_USB_Device_Library/Class/HID/Src/usbd_hid.o
                0x000000002000004c                USBD_HID
 .data.USBD_HID_CfgFSDesc
                0x0000000020000084       0x22 ./Middlewares/ST/STM32_USB_Device_Library/Class/HID/Src/usbd_hid.o
 *fill*         0x00000000200000a6        0x2 
 .data.USBD_HID_CfgHSDesc
                0x00000000200000a8       0x22 ./Middlewares/ST/STM32_USB_Device_Library/Class/HID/Src/usbd_hid.o
 *fill*         0x00000000200000ca        0x2 
 .data.USBD_HID_Desc
                0x00000000200000cc        0x9 ./Middlewares/ST/STM32_USB_Device_Library/Class/HID/Src/usbd_hid.o
 *fill*         0x00000000200000d5        0x3 
 .data.USBD_HID_DeviceQualifierDesc
                0x00000000200000d8        0xa ./Middlewares/ST/STM32_USB_Device_Library/Class/HID/Src/usbd_hid.o
 *fill*         0x00000000200000e2        0x2 
 .data.USBD_HID_OtherSpeedCfgDesc
                0x00000000200000e4       0x22 ./Middlewares/ST/STM32_USB_Device_Library/Class/HID/Src/usbd_hid.o
 *fill*         0x0000000020000106        0x2 
 .data.FS_Desc  0x0000000020000108       0x1c ./USB_DEVICE/App/usbd_desc.o
                0x0000000020000108                FS_Desc
 .data.USBD_FS_DeviceDesc
                0x0000000020000124       0x12 ./USB_DEVICE/App/usbd_desc.o
                0x0000000020000124                USBD_FS_DeviceDesc
 *fill*         0x0000000020000136        0x2 
 .data.USBD_LangIDDesc
                0x0000000020000138        0x4 ./USB_DEVICE/App/usbd_desc.o
                0x0000000020000138                USBD_LangIDDesc
 .data.USBD_StringSerial
                0x000000002000013c       0x1a ./USB_DEVICE/App/usbd_desc.o
                0x000000002000013c                USBD_StringSerial
 *(.RamFunc)
 *(.RamFunc*)
                0x0000000020000158                . = ALIGN (0x4)
 *fill*         0x0000000020000156        0x2 
                0x0000000020000158                _edata = .

.igot.plt       0x0000000020000158        0x0 load address 0x0000000008003910
 .igot.plt      0x0000000020000158        0x0 s:/stm software/stmcubeide/stm32cubeide_1.7.0/stm32cubeide/plugins/com.st.stm32cube.ide.mcu.externaltools.gnu-tools-for-stm32.9-2020-q2-update.win32_2.0.0.202105311346/tools/bin/../lib/gcc/arm-none-eabi/9.3.1/thumb/v7e-m+fp/hard/crtbegin.o
                0x0000000020000158                . = ALIGN (0x4)

.bss            0x0000000020000158      0x918 load address 0x0000000008003910
                0x0000000020000158                _sbss = .
                0x0000000020000158                __bss_start__ = _sbss
 *(.bss)
 .bss           0x0000000020000158       0x1c s:/stm software/stmcubeide/stm32cubeide_1.7.0/stm32cubeide/plugins/com.st.stm32cube.ide.mcu.externaltools.gnu-tools-for-stm32.9-2020-q2-update.win32_2.0.0.202105311346/tools/bin/../lib/gcc/arm-none-eabi/9.3.1/thumb/v7e-m+fp/hard/crtbegin.o
 *(.bss*)
 .bss.keyboardhid
                0x0000000020000174        0x8 ./Core/Src/main.o
                0x0000000020000174                keyboardhid
 .bss.cfgidx.9758
                0x000000002000017c        0x1 ./Middlewares/ST/STM32_USB_Device_Library/Core/Src/usbd_ctlreq.o
 *fill*         0x000000002000017d        0x3 
 .bss.mem.9795  0x0000000020000180       0x14 ./USB_DEVICE/Target/usbd_conf.o
 *(COMMON)
 COMMON         0x0000000020000194        0x4 ./Drivers/STM32F4xx_HAL_Driver/Src/stm32f4xx_hal.o
                0x0000000020000194                uwTick
 COMMON         0x0000000020000198      0x2d0 ./USB_DEVICE/App/usb_device.o
                0x0000000020000198                hUsbDeviceFS
 COMMON         0x0000000020000468      0x200 ./USB_DEVICE/App/usbd_desc.o
                0x0000000020000468                USBD_StrDesc
 COMMON         0x0000000020000668      0x408 ./USB_DEVICE/Target/usbd_conf.o
                0x0000000020000668                hpcd_USB_OTG_FS
                0x0000000020000a70                . = ALIGN (0x4)
                0x0000000020000a70                _ebss = .
                0x0000000020000a70                __bss_end__ = _ebss

._user_heap_stack
                0x0000000020000a70      0x600 load address 0x0000000008003910
                0x0000000020000a70                . = ALIGN (0x8)
                [!provide]                        PROVIDE (end = .)
                0x0000000020000a70                PROVIDE (_end = .)
                0x0000000020000c70                . = (. + _Min_Heap_Size)
 *fill*         0x0000000020000a70      0x200 
                0x0000000020001070                . = (. + _Min_Stack_Size)
 *fill*         0x0000000020000c70      0x400 
                0x0000000020001070                . = ALIGN (0x8)

/DISCARD/
 libc.a(*)
 libm.a(*)
 libgcc.a(*)

.ARM.attributes
                0x0000000000000000       0x30
 *(.ARM.attributes)
 .ARM.attributes
                0x0000000000000000       0x1e s:/stm software/stmcubeide/stm32cubeide_1.7.0/stm32cubeide/plugins/com.st.stm32cube.ide.mcu.externaltools.gnu-tools-for-stm32.9-2020-q2-update.win32_2.0.0.202105311346/tools/bin/../lib/gcc/arm-none-eabi/9.3.1/thumb/v7e-m+fp/hard/crti.o
 .ARM.attributes
                0x000000000000001e       0x34 s:/stm software/stmcubeide/stm32cubeide_1.7.0/stm32cubeide/plugins/com.st.stm32cube.ide.mcu.externaltools.gnu-tools-for-stm32.9-2020-q2-update.win32_2.0.0.202105311346/tools/bin/../lib/gcc/arm-none-eabi/9.3.1/thumb/v7e-m+fp/hard/crtbegin.o
 .ARM.attributes
                0x0000000000000052       0x34 ./Core/Src/main.o
 .ARM.attributes
                0x0000000000000086       0x34 ./Core/Src/stm32f4xx_hal_msp.o
 .ARM.attributes
                0x00000000000000ba       0x34 ./Core/Src/stm32f4xx_it.o
 .ARM.attributes
                0x00000000000000ee       0x34 ./Core/Src/system_stm32f4xx.o
 .ARM.attributes
                0x0000000000000122       0x21 ./Core/Startup/startup_stm32f411ceux.o
 .ARM.attributes
                0x0000000000000143       0x34 ./Drivers/STM32F4xx_HAL_Driver/Src/stm32f4xx_hal.o
 .ARM.attributes
                0x0000000000000177       0x34 ./Drivers/STM32F4xx_HAL_Driver/Src/stm32f4xx_hal_cortex.o
 .ARM.attributes
                0x00000000000001ab       0x34 ./Drivers/STM32F4xx_HAL_Driver/Src/stm32f4xx_hal_gpio.o
 .ARM.attributes
                0x00000000000001df       0x34 ./Drivers/STM32F4xx_HAL_Driver/Src/stm32f4xx_hal_pcd.o
 .ARM.attributes
                0x0000000000000213       0x34 ./Drivers/STM32F4xx_HAL_Driver/Src/stm32f4xx_hal_pcd_ex.o
 .ARM.attributes
                0x0000000000000247       0x34 ./Drivers/STM32F4xx_HAL_Driver/Src/stm32f4xx_hal_rcc.o
 .ARM.attributes
                0x000000000000027b       0x34 ./Drivers/STM32F4xx_HAL_Driver/Src/stm32f4xx_ll_usb.o
 .ARM.attributes
                0x00000000000002af       0x34 ./Middlewares/ST/STM32_USB_Device_Library/Class/HID/Src/usbd_hid.o
 .ARM.attributes
                0x00000000000002e3       0x34 ./Middlewares/ST/STM32_USB_Device_Library/Core/Src/usbd_core.o
 .ARM.attributes
                0x0000000000000317       0x34 ./Middlewares/ST/STM32_USB_Device_Library/Core/Src/usbd_ctlreq.o
 .ARM.attributes
                0x000000000000034b       0x34 ./Middlewares/ST/STM32_USB_Device_Library/Core/Src/usbd_ioreq.o
 .ARM.attributes
                0x000000000000037f       0x34 ./USB_DEVICE/App/usb_device.o
 .ARM.attributes
                0x00000000000003b3       0x34 ./USB_DEVICE/App/usbd_desc.o
 .ARM.attributes
                0x00000000000003e7       0x34 ./USB_DEVICE/Target/usbd_conf.o
 .ARM.attributes
                0x000000000000041b       0x34 s:/stm software/stmcubeide/stm32cubeide_1.7.0/stm32cubeide/plugins/com.st.stm32cube.ide.mcu.externaltools.gnu-tools-for-stm32.9-2020-q2-update.win32_2.0.0.202105311346/tools/bin/../lib/gcc/arm-none-eabi/9.3.1/../../../../arm-none-eabi/lib/thumb/v7e-m+fp/hard\libc_nano.a(lib_a-init.o)
 .ARM.attributes
                0x000000000000044f       0x34 s:/stm software/stmcubeide/stm32cubeide_1.7.0/stm32cubeide/plugins/com.st.stm32cube.ide.mcu.externaltools.gnu-tools-for-stm32.9-2020-q2-update.win32_2.0.0.202105311346/tools/bin/../lib/gcc/arm-none-eabi/9.3.1/../../../../arm-none-eabi/lib/thumb/v7e-m+fp/hard\libc_nano.a(lib_a-memset.o)
 .ARM.attributes
                0x0000000000000483       0x1e s:/stm software/stmcubeide/stm32cubeide_1.7.0/stm32cubeide/plugins/com.st.stm32cube.ide.mcu.externaltools.gnu-tools-for-stm32.9-2020-q2-update.win32_2.0.0.202105311346/tools/bin/../lib/gcc/arm-none-eabi/9.3.1/thumb/v7e-m+fp/hard\libgcc.a(_aeabi_uldivmod.o)
 .ARM.attributes
                0x00000000000004a1       0x34 s:/stm software/stmcubeide/stm32cubeide_1.7.0/stm32cubeide/plugins/com.st.stm32cube.ide.mcu.externaltools.gnu-tools-for-stm32.9-2020-q2-update.win32_2.0.0.202105311346/tools/bin/../lib/gcc/arm-none-eabi/9.3.1/thumb/v7e-m+fp/hard\libgcc.a(_udivmoddi4.o)
 .ARM.attributes
                0x00000000000004d5       0x1e s:/stm software/stmcubeide/stm32cubeide_1.7.0/stm32cubeide/plugins/com.st.stm32cube.ide.mcu.externaltools.gnu-tools-for-stm32.9-2020-q2-update.win32_2.0.0.202105311346/tools/bin/../lib/gcc/arm-none-eabi/9.3.1/thumb/v7e-m+fp/hard\libgcc.a(_dvmd_tls.o)
 .ARM.attributes
                0x00000000000004f3       0x1e s:/stm software/stmcubeide/stm32cubeide_1.7.0/stm32cubeide/plugins/com.st.stm32cube.ide.mcu.externaltools.gnu-tools-for-stm32.9-2020-q2-update.win32_2.0.0.202105311346/tools/bin/../lib/gcc/arm-none-eabi/9.3.1/thumb/v7e-m+fp/hard/crtn.o
OUTPUT(GenshinMelody.elf elf32-littlearm)
LOAD linker stubs
LOAD s:/stm software/stmcubeide/stm32cubeide_1.7.0/stm32cubeide/plugins/com.st.stm32cube.ide.mcu.externaltools.gnu-tools-for-stm32.9-2020-q2-update.win32_2.0.0.202105311346/tools/bin/../lib/gcc/arm-none-eabi/9.3.1/../../../../arm-none-eabi/lib/thumb/v7e-m+fp/hard\libc.a
LOAD s:/stm software/stmcubeide/stm32cubeide_1.7.0/stm32cubeide/plugins/com.st.stm32cube.ide.mcu.externaltools.gnu-tools-for-stm32.9-2020-q2-update.win32_2.0.0.202105311346/tools/bin/../lib/gcc/arm-none-eabi/9.3.1/../../../../arm-none-eabi/lib/thumb/v7e-m+fp/hard\libm.a
LOAD s:/stm software/stmcubeide/stm32cubeide_1.7.0/stm32cubeide/plugins/com.st.stm32cube.ide.mcu.externaltools.gnu-tools-for-stm32.9-2020-q2-update.win32_2.0.0.202105311346/tools/bin/../lib/gcc/arm-none-eabi/9.3.1/thumb/v7e-m+fp/hard\libgcc.a

.comment        0x0000000000000000       0x53
 .comment       0x0000000000000000       0x53 ./Core/Src/main.o
                                         0x54 (size before relaxing)
 .comment       0x0000000000000053       0x54 ./Core/Src/stm32f4xx_hal_msp.o
 .comment       0x0000000000000053       0x54 ./Core/Src/stm32f4xx_it.o
 .comment       0x0000000000000053       0x54 ./Core/Src/system_stm32f4xx.o
 .comment       0x0000000000000053       0x54 ./Drivers/STM32F4xx_HAL_Driver/Src/stm32f4xx_hal.o
 .comment       0x0000000000000053       0x54 ./Drivers/STM32F4xx_HAL_Driver/Src/stm32f4xx_hal_cortex.o
 .comment       0x0000000000000053       0x54 ./Drivers/STM32F4xx_HAL_Driver/Src/stm32f4xx_hal_gpio.o
 .comment       0x0000000000000053       0x54 ./Drivers/STM32F4xx_HAL_Driver/Src/stm32f4xx_hal_pcd.o
 .comment       0x0000000000000053       0x54 ./Drivers/STM32F4xx_HAL_Driver/Src/stm32f4xx_hal_pcd_ex.o
 .comment       0x0000000000000053       0x54 ./Drivers/STM32F4xx_HAL_Driver/Src/stm32f4xx_hal_rcc.o
 .comment       0x0000000000000053       0x54 ./Drivers/STM32F4xx_HAL_Driver/Src/stm32f4xx_ll_usb.o
 .comment       0x0000000000000053       0x54 ./Middlewares/ST/STM32_USB_Device_Library/Class/HID/Src/usbd_hid.o
 .comment       0x0000000000000053       0x54 ./Middlewares/ST/STM32_USB_Device_Library/Core/Src/usbd_core.o
 .comment       0x0000000000000053       0x54 ./Middlewares/ST/STM32_USB_Device_Library/Core/Src/usbd_ctlreq.o
 .comment       0x0000000000000053       0x54 ./Middlewares/ST/STM32_USB_Device_Library/Core/Src/usbd_ioreq.o
 .comment       0x0000000000000053       0x54 ./USB_DEVICE/App/usb_device.o
 .comment       0x0000000000000053       0x54 ./USB_DEVICE/App/usbd_desc.o
 .comment       0x0000000000000053       0x54 ./USB_DEVICE/Target/usbd_conf.o

.debug_frame    0x0000000000000000       0xac
 .debug_frame   0x0000000000000000       0x2c s:/stm software/stmcubeide/stm32cubeide_1.7.0/stm32cubeide/plugins/com.st.stm32cube.ide.mcu.externaltools.gnu-tools-for-stm32.9-2020-q2-update.win32_2.0.0.202105311346/tools/bin/../lib/gcc/arm-none-eabi/9.3.1/../../../../arm-none-eabi/lib/thumb/v7e-m+fp/hard\libc_nano.a(lib_a-init.o)
 .debug_frame   0x000000000000002c       0x20 s:/stm software/stmcubeide/stm32cubeide_1.7.0/stm32cubeide/plugins/com.st.stm32cube.ide.mcu.externaltools.gnu-tools-for-stm32.9-2020-q2-update.win32_2.0.0.202105311346/tools/bin/../lib/gcc/arm-none-eabi/9.3.1/../../../../arm-none-eabi/lib/thumb/v7e-m+fp/hard\libc_nano.a(lib_a-memset.o)
 .debug_frame   0x000000000000004c       0x2c s:/stm software/stmcubeide/stm32cubeide_1.7.0/stm32cubeide/plugins/com.st.stm32cube.ide.mcu.externaltools.gnu-tools-for-stm32.9-2020-q2-update.win32_2.0.0.202105311346/tools/bin/../lib/gcc/arm-none-eabi/9.3.1/thumb/v7e-m+fp/hard\libgcc.a(_aeabi_uldivmod.o)
 .debug_frame   0x0000000000000078       0x34 s:/stm software/stmcubeide/stm32cubeide_1.7.0/stm32cubeide/plugins/com.st.stm32cube.ide.mcu.externaltools.gnu-tools-for-stm32.9-2020-q2-update.win32_2.0.0.202105311346/tools/bin/../lib/gcc/arm-none-eabi/9.3.1/thumb/v7e-m+fp/hard\libgcc.a(_udivmoddi4.o)
